// Jest Snapshot v1, https://goo.gl/fbAQLP

exports[`ColorPicker Component To match snapshot of ColorPicker 1`] = `
<Fragment>
  <label
    htmlFor="colorwell"
  >
    <b>
      Testing Color Picker
    </b>
  </label>
  <ColorPickerstyle__ColorPickerWrapper
    list="true"
    name="colorwell"
  />
</Fragment>
`;
